exchange_server listening on 127.0.0.1:5091 (kqueue fd=4, listen fd=3)
[+] accepted fd=5 from 127.0.0.1:35926 (1 client(s) connected)
[+] accepted fd=6 from 127.0.0.1:35936 (2 client(s) connected)
[+] accepted fd=7 from 127.0.0.1:35952 (3 client(s) connected)
[5] recv() -> 12 byte(s)
[5] LOGIN alice
[6] recv() -> 10 byte(s)
[6] LOGIN bob
[7] recv() -> 15 byte(s)
[7] SUBSCRIBE JNST
[5] recv() -> 17 byte(s)
[5] BUY JNST 100 238
[6] recv() -> 17 byte(s)
[6] SELL JNST 60 238
[6] recv() -> 17 byte(s)
[6] SELL JNST 40 238
[5] recv() -> 17 byte(s)
[5] SELL IMCT 25 517
[7] recv() -> 15 byte(s)
[7] SUBSCRIBE IMCT
[6] recv() -> 16 byte(s)
[6] BUY IMCT 25 517
[5] recv() -> 16 byte(s)
[5] BUY JNST 10 900
[5] recv() -> 16 byte(s)
[5] BUY JNST 10 900
[5] recv() -> 16 byte(s)
[5] BUY JNST 10 900
[6] recv() -> 17 byte(s)
[6] SELL JNST 30 900
[+] accepted fd=8 from 127.0.0.1:58632 (4 client(s) connected)
[8] recv() -> 15 byte(s)
[8] SUBSCRIBE JNST
[5] recv() -> 15 byte(s)
[5] BUY JNST 5 111
[6] recv() -> 16 byte(s)
[6] SELL JNST 5 111
[5] recv() -> 13 byte(s)
[5] BUY JNST 100
[5] recv() -> 13 byte(s)
[5] BUY AAPL 1 1
[5] recv() -> 15 byte(s)
[5] BUY JNST 0 238
[5] recv() -> 16 byte(s)
[5] BUY JNST -5 238
[5] recv() -> 17 byte(s)
[5] BUY JNST 1.5 238
[5] recv() -> 14 byte(s)
[5] BUY JNST 10 0
[5] recv() -> 16 byte(s)
[5] BUY JNST 10 abc
[5] recv() -> 0 : peer closed (FIN)
[-] fd=5 closed (3 client(s) still connected)
[6] recv() -> 0 : peer closed (FIN)
[-] fd=6 closed (2 client(s) still connected)
[7] recv() -> 0 : peer closed (FIN)
[-] fd=7 closed (1 client(s) still connected)
[8] recv() -> 0 : peer closed (FIN)
[-] fd=8 closed (0 client(s) still connected)
[+] accepted fd=5 from 127.0.0.1:49590 (1 client(s) connected)
[5] recv() -> 15 byte(s)
[5] SUBSCRIBE JNST
[+] accepted fd=6 from 127.0.0.1:52770 (2 client(s) connected)
[6] recv() -> 28 byte(s)
[6] LOGIN ghost
[6] BUY JNST 50 777
[6] recv() -> ECONNRESET : peer reset (RST)
[-] fd=6 closed (1 client(s) still connected)
[+] accepted fd=6 from 127.0.0.1:52784 (2 client(s) connected)
[6] recv() -> 27 byte(s)
[6] LOGIN bob
[6] SELL JNST 50 777
[5] recv() -> ECONNRESET : peer reset (RST)
[-] fd=5 closed (1 client(s) still connected)
[6] recv() -> 0 : peer closed (FIN)
[-] fd=6 closed (0 client(s) still connected)
